// Jest Snapshot v1, https://goo.gl/fbAQLP

exports[`Text Snapshots renders classic text properly 1`] = `
.c0 {
  position: relative;
  width: 100%;
}

.c0 a {
  color: black;
  -webkit-text-decoration: none;
  text-decoration: none;
  background-image: linear-gradient( to bottom, transparent 0, #333333 1px, transparent 0 );
  background-size: 1.25px 4px;
  background-repeat: repeat-x;
  background-position: bottom;
}

.c0 a:hover {
  color: #999999;
  opacity: 1;
}

.c0 div[class*='ToolTip'] a {
  background-image: none;
  opacity: 1;
  color: inherit;
}

.c0 p,
.c0 ul,
.c0 ol,
.c0 .paragraph,
.c0 div[data-block=true] .public-DraftStyleDefault-block {
  font-family: 'Adobe Garamond W08','adobe-garamond-pro','AGaramondPro-Regular','Times New Roman',Times,serif;
  font-size: 19px;
  line-height: 1.5em;
  -webkit-font-smoothing: antialiased;
  padding-top: .75em;
  padding-bottom: .75em;
  margin: 0;
  font-style: inherit;
}

.c0 p:first-child,
.c0 .paragraph:first-child,
.c0 div[data-block=true]:first-child .public-DraftStyleDefault-block {
  padding-top: 0;
}

.c0 p:last-child,
.c0 .paragraph:last-child,
.c0 div[data-block=true]:last-child .public-DraftStyleDefault-block {
  padding-bottom: 0;
}

.c0 ul,
.c0 ol {
  padding-left: 1em;
}

.c0 li {
  font-family: 'Adobe Garamond W08','adobe-garamond-pro','AGaramondPro-Regular','Times New Roman',Times,serif;
  font-size: 19px;
  line-height: 1.5em;
  -webkit-font-smoothing: antialiased;
  padding-top: .5em;
  padding-bottom: .5em;
}

.c0 h1 {
  font-family: Unica77LLWebRegular,Arial,serif;
  -webkit-font-smoothing: antialiased;
  font-size: 40px;
  line-height: 1.1em;
  font-weight: normal;
  padding-top: 107px;
  padding-bottom: 46px;
  margin: 0;
  position: relative;
  text-align: center;
}

.c0 h1:before {
  content: "";
  width: 15px;
  height: 15px;
  background: black;
  border-radius: 50%;
  position: absolute;
  top: 69px;
  right: calc(50% - 7.5px);
}

.c0 h2 {
  font-family: 'Adobe Garamond W08','adobe-garamond-pro','AGaramondPro-Regular','Times New Roman',Times,serif;
  font-size: 28px;
  line-height: 1.2em;
  -webkit-font-smoothing: antialiased;
  font-weight: normal;
  margin: 0;
}

.c0 h2 a {
  background-size: 1.25px 1px;
}

.c0 h2 .file__PrimaryLink-yu39to-0 {
  background-position: bottom !important;
}

.c0 h3 {
  font-family: 'ITC Avant Garde Gothic W04','AvantGardeGothicITCW01D 731075',AvantGardeGothicITCW01Dm,Helvetica,sans-serif;
  -webkit-font-smoothing: antialiased;
  text-transform: uppercase;
  -webkit-letter-spacing: 1px;
  -moz-letter-spacing: 1px;
  -ms-letter-spacing: 1px;
  letter-spacing: 1px;
  font-size: 13px;
  line-height: 1.65em;
  -webkit-letter-spacing: 1px;
  -moz-letter-spacing: 1px;
  -ms-letter-spacing: 1px;
  letter-spacing: 1px;
  font-weight: normal;
  padding-top: 23px;
  margin: 0;
}

.c0 h3 strong {
  font-weight: normal;
}

.c0 h3 em {
  font-style: normal;
}

.c0 h3 a {
  background-size: 1.25px 1px;
}

.c0 blockquote {
  font-family: 'Adobe Garamond W08','adobe-garamond-pro','AGaramondPro-Regular','Times New Roman',Times,serif;
  font-size: 40px;
  line-height: 1.1em;
  -webkit-font-smoothing: antialiased;
  text-align: center;
  font-weight: normal;
  padding-top: 46px;
  padding-bottom: 46px;
  margin: 0;
  word-break: break-word;
}

.c0 .content-end {
  display: inline-block;
  content: "";
  width: 12px;
  height: 12px;
  background: black;
  border-radius: 50%;
  margin-left: 12px;
}

.c0 .artist-follow {
  vertical-align: middle;
  margin-left: 10px;
  cursor: pointer;
  background: none transparent;
}

.c0 .artist-follow:before {
  font-family: "artsy-icons";
  content: "";
  vertical-align: -8.5px;
  line-height: 32px;
  font-size: 32px;
}

.c0 .artist-follow:after {
  content: "Follow";
  font-family: 'Adobe Garamond W08','adobe-garamond-pro','AGaramondPro-Regular','Times New Roman',Times,serif;
  font-size: 17px;
  line-height: 1.1em;
  -webkit-font-smoothing: antialiased;
  text-transform: none;
}

@media (max-width:600px) {
  .c0 p,
  .c0 ul,
  .c0 ol,
  .c0 div[data-block=true] .public-DraftStyleDefault-block {
    font-family: 'Adobe Garamond W08','adobe-garamond-pro','AGaramondPro-Regular','Times New Roman',Times,serif;
    font-size: 19px;
    line-height: 1.5em;
    -webkit-font-smoothing: antialiased;
  }

  .c0 li {
    font-family: 'Adobe Garamond W08','adobe-garamond-pro','AGaramondPro-Regular','Times New Roman',Times,serif;
    font-size: 19px;
    line-height: 1.5em;
    -webkit-font-smoothing: antialiased;
  }

  .c0 h1 {
    font-family: Unica77LLWebRegular,Arial,serif;
    -webkit-font-smoothing: antialiased;
    font-size: 34px;
    line-height: 1.1em;
  }

  .c0 h2 {
    font-family: 'Adobe Garamond W08','adobe-garamond-pro','AGaramondPro-Regular','Times New Roman',Times,serif;
    font-size: 28px;
    line-height: 1.2em;
    -webkit-font-smoothing: antialiased;
  }

  .c0 h3 {
    font-family: 'ITC Avant Garde Gothic W04','AvantGardeGothicITCW01D 731075',AvantGardeGothicITCW01Dm,Helvetica,sans-serif;
    -webkit-font-smoothing: antialiased;
    text-transform: uppercase;
    -webkit-letter-spacing: 1px;
    -moz-letter-spacing: 1px;
    -ms-letter-spacing: 1px;
    letter-spacing: 1px;
    font-size: 11px;
    line-height: 1.65em;
    -webkit-letter-spacing: 1px;
    -moz-letter-spacing: 1px;
    -ms-letter-spacing: 1px;
    letter-spacing: 1px;
  }

  .c0 blockquote {
    font-family: 'Adobe Garamond W08','adobe-garamond-pro','AGaramondPro-Regular','Times New Roman',Times,serif;
    font-size: 34px;
    line-height: 1.1em;
    -webkit-font-smoothing: antialiased;
    margin: 0;
  }

  .c0 .content-start {
    font-size: 55px;
  }
}

<div
  className="article__text-section c0"
  color="black"
>
  <div
    dangerouslySetInnerHTML={
      Object {
        "__html": "<p>Rines is a part of a recent migration that has galleries gravitating to the <a href='https://www.artsy.net/'>Lower East Side and Chinatown</a>. The new gallery sits on a stretch of Henry Street that also includes Chapter NY, Cuevas Tilleard, and newcomer Shrine, and is just blocks from:</p><ul><li>Chinatown stalwart Reena Spaulings Fine Art</li><li>The shiny new <span style='text-decoration: line-through;'>Foxy Production</span></li><li>Freshly launched programs like Erin Goldberger’s New Release</li><li>Angelo Lanza’s gallery Jeffrey Stark in the basement of the East Broadway Mall</li></ul><p>And <em>not a stone’s throw away</em> are the southern bounds of the Lower East Side, where <strong>hundreds</strong> of more galleries gather.</p><blockquote>Hardly a week goes by without murmurings that yet another gallery is opening</blockquote><h3><strong>Galleries Section, Booth 10221</strong></h3><h2>neugerriemschneider</h2><h3><em>With works by</em> Franz Ackermann, Ai Weiwei, Pawel Althamer, Billy Childish, Keith Edmier, Olafur Eliasson, Andreas Eriksson, Noa Eshkol, Mario García Torres, Renata Lucas, Michel Majerus, Mike Nelson, Jorge Pardo, Elizabeth Peyton, Tobias Rehberger, Thaddeus Strode, Rirkrit Tiravanija, Pae White</h3><p>The resultant work allows Salley the chance to recount her experiences of the aftermath of her scandal in her own words. In the film, Fujiwara and Salley are shown meeting professionals from public relations, advertising, and fashion companies as they seek to construct a new public image for her. Alongside the film, light boxes display fashion photographer Andreas Larsson’s pictures of Salley, which were taken as part of the project to rebuild her profile. While the show tackles public identity, female iconography, and Salley’s voice as an artist, the pair’s close working relationship—one in which the conventional power relationship has been overturned—no doubt aided their collaboration.</p><ol><li>Chinatown stalwart Reena Spaulings Fine Art</li><li>The shiny new Foxy Production</li><li>Freshly launched programs like Erin Goldberger’s New Release</li><li>Angelo Lanza’s gallery Jeffrey Stark in the basement of the East Broadway Mall</li></ol><p>Rines is a part of a recent migration that has galleries gravitating to the Lower East Side and Chinatown. She opened 56 Henry in December 2015, just four months after being forced to shutter her previous microgallery 55 Gansevoort—an elevator shaft a block east of the Whitney—after Restoration Hardware bought its building.</p><h2><a href='https://www.artsy.net/artist/ej-hill' class='is-follow-link' name='EJ_Hill'>EJ Hill</a><a data-id='ej-hill' class='entity-follow artist-follow'></a></h2><p><a href='https://www.artsy.net/artist/ej-hill' class='is-follow-link' name='EJ_Hill'>EJ Hill</a><a data-id='ej-hill' class='entity-follow artist-follow'></a></p>",
      }
    }
  />
</div>
`;

exports[`Text Snapshots renders feature text properly 1`] = `
.c0 {
  position: relative;
  width: 100%;
}

.c0 a {
  color: black;
  -webkit-text-decoration: none;
  text-decoration: none;
  background-image: linear-gradient( to bottom, transparent 0, #333333 1px, transparent 0 );
  background-size: 1.25px 4px;
  background-repeat: repeat-x;
  background-position: bottom;
}

.c0 a:hover {
  color: #999999;
  opacity: 1;
}

.c0 div[class*='ToolTip'] a {
  background-image: none;
  opacity: 1;
  color: inherit;
}

.c0 p,
.c0 ul,
.c0 ol,
.c0 .paragraph,
.c0 div[data-block=true] .public-DraftStyleDefault-block {
  font-family: 'Adobe Garamond W08','adobe-garamond-pro','AGaramondPro-Regular','Times New Roman',Times,serif;
  font-size: 23px;
  line-height: 1.5em;
  -webkit-font-smoothing: antialiased;
  padding-top: 1em;
  padding-bottom: 1em;
  margin: 0;
  font-style: inherit;
}

.c0 p:first-child,
.c0 .paragraph:first-child,
.c0 div[data-block=true]:first-child .public-DraftStyleDefault-block {
  padding-top: 0;
}

.c0 p:last-child,
.c0 .paragraph:last-child,
.c0 div[data-block=true]:last-child .public-DraftStyleDefault-block {
  padding-bottom: 0;
}

.c0 ul,
.c0 ol {
  padding-left: 1em;
}

.c0 li {
  font-family: 'Adobe Garamond W08','adobe-garamond-pro','AGaramondPro-Regular','Times New Roman',Times,serif;
  font-size: 23px;
  line-height: 1.5em;
  -webkit-font-smoothing: antialiased;
  padding-top: .5em;
  padding-bottom: .5em;
}

.c0 h1 {
  font-family: Unica77LLWebRegular,Arial,serif;
  -webkit-font-smoothing: antialiased;
  font-size: 40px;
  line-height: 1.1em;
  font-weight: normal;
  padding-top: 107px;
  padding-bottom: 46px;
  margin: 0;
  position: relative;
  text-align: center;
}

.c0 h1:before {
  content: "";
  width: 15px;
  height: 15px;
  background: black;
  border-radius: 50%;
  position: absolute;
  top: 69px;
  right: calc(50% - 7.5px);
}

.c0 h2 {
  font-family: Unica77LLWebRegular,Arial,serif;
  -webkit-font-smoothing: antialiased;
  font-size: 32px;
  line-height: 1.1em;
  font-weight: normal;
  margin: 0;
}

.c0 h2 a {
  background-size: 1.25px 1px;
}

.c0 h2 .file__PrimaryLink-yu39to-0 {
  background-position: bottom !important;
}

.c0 h3 {
  font-family: Unica77LLWebRegular,Arial,serif;
  -webkit-font-smoothing: antialiased;
  font-size: 19px;
  line-height: 1.5em;
  font-weight: normal;
  padding-top: 23px;
  margin: 0;
}

.c0 h3 strong {
  font-weight: normal;
  font-family: Unica77LLWebMedium,Arial,serif;
  -webkit-font-smoothing: antialiased;
  font-size: 19px;
  line-height: 1.5em;
}

.c0 h3 a {
  background-size: 1.25px 1px;
}

.c0 blockquote {
  font-family: Unica77LLWebRegular,Arial,serif;
  -webkit-font-smoothing: antialiased;
  font-size: 40px;
  line-height: 1.1em;
  text-align: left;
  font-weight: normal;
  padding-top: 46px;
  padding-bottom: 46px;
  margin: 0;
  word-break: break-word;
}

.c0 .content-end {
  display: inline-block;
  content: "";
  width: 12px;
  height: 12px;
  background: black;
  border-radius: 50%;
  margin-left: 12px;
}

.c0 .artist-follow {
  vertical-align: middle;
  margin-left: 10px;
  cursor: pointer;
  background: none transparent;
}

.c0 .artist-follow:before {
  font-family: "artsy-icons";
  content: "";
  vertical-align: -8.5px;
  line-height: 32px;
  font-size: 32px;
}

.c0 .artist-follow:after {
  content: "Follow";
  font-family: 'Adobe Garamond W08','adobe-garamond-pro','AGaramondPro-Regular','Times New Roman',Times,serif;
  font-size: 17px;
  line-height: 1.1em;
  -webkit-font-smoothing: antialiased;
  text-transform: none;
}

@media (max-width:600px) {
  .c0 p,
  .c0 ul,
  .c0 ol,
  .c0 div[data-block=true] .public-DraftStyleDefault-block {
    font-family: 'Adobe Garamond W08','adobe-garamond-pro','AGaramondPro-Regular','Times New Roman',Times,serif;
    font-size: 19px;
    line-height: 1.5em;
    -webkit-font-smoothing: antialiased;
  }

  .c0 li {
    font-family: 'Adobe Garamond W08','adobe-garamond-pro','AGaramondPro-Regular','Times New Roman',Times,serif;
    font-size: 19px;
    line-height: 1.5em;
    -webkit-font-smoothing: antialiased;
  }

  .c0 h1 {
    font-family: Unica77LLWebRegular,Arial,serif;
    -webkit-font-smoothing: antialiased;
    font-size: 34px;
    line-height: 1.1em;
  }

  .c0 h2 {
    font-family: Unica77LLWebRegular,Arial,serif;
    -webkit-font-smoothing: antialiased;
    font-size: 32px;
    line-height: 1.1em;
  }

  .c0 h3 {
    font-family: Unica77LLWebRegular,Arial,serif;
    -webkit-font-smoothing: antialiased;
    font-size: 16px;
    line-height: 1.1em;
    line-height: 1.5em;
  }

  .c0 h3 strong {
    font-family: Unica77LLWebMedium,Arial,serif;
    -webkit-font-smoothing: antialiased;
    font-size: 16px;
    line-height: 1.1em;
  }

  .c0 blockquote {
    font-family: Unica77LLWebRegular,Arial,serif;
    -webkit-font-smoothing: antialiased;
    font-size: 34px;
    line-height: 1.1em;
    margin: 0;
  }

  .c0 .content-start {
    font-size: 55px;
  }
}

<div
  className="article__text-section c0"
  color="black"
>
  <div
    dangerouslySetInnerHTML={
      Object {
        "__html": "<h1>Standard Header</h1><p>Rines is a part of a recent migration that has galleries gravitating to the <a href='https://www.artsy.net/'>Lower East Side and Chinatown</a>. The new gallery sits on a stretch of Henry Street that also includes Chapter NY, Cuevas Tilleard, and newcomer Shrine, and is just blocks from:</p><ul><li>Chinatown stalwart Reena Spaulings Fine Art</li><li>The shiny new <span style='text-decoration: line-through;'>Foxy Production</span></li><li>Freshly launched programs like Erin Goldberger’s New Release</li><li>Angelo Lanza’s gallery Jeffrey Stark in the basement of the East Broadway Mall</li></ul><p>And <em>not a stone’s throw away</em> are the southern bounds of the Lower East Side, where <strong>hundreds</strong> of more galleries gather.</p><blockquote>Hardly a week goes by without murmurings that yet another gallery is opening</blockquote><h3><strong>Galleries Section, Booth 10221</strong></h3><h2>neugerriemschneider</h2><h3><em>With works by</em> Franz Ackermann, Ai Weiwei, Pawel Althamer, Billy Childish, Keith Edmier, Olafur Eliasson, Andreas Eriksson, Noa Eshkol, Mario García Torres, Renata Lucas, Michel Majerus, Mike Nelson, Jorge Pardo, Elizabeth Peyton, Tobias Rehberger, Thaddeus Strode, Rirkrit Tiravanija, Pae White</h3><p>The resultant work allows Salley the chance to recount her experiences of the aftermath of her scandal in her own words. In the film, Fujiwara and Salley are shown meeting professionals from public relations, advertising, and fashion companies as they seek to construct a new public image for her. Alongside the film, light boxes display fashion photographer Andreas Larsson’s pictures of Salley, which were taken as part of the project to rebuild her profile. While the show tackles public identity, female iconography, and Salley’s voice as an artist, the pair’s close working relationship—one in which the conventional power relationship has been overturned—no doubt aided their collaboration.</p><ol><li>Chinatown stalwart Reena Spaulings Fine Art</li><li>The shiny new Foxy Production</li><li>Freshly launched programs like Erin Goldberger’s New Release</li><li>Angelo Lanza’s gallery Jeffrey Stark in the basement of the East Broadway Mall</li></ol><p>Rines is a part of a recent migration that has galleries gravitating to the Lower East Side and Chinatown. She opened 56 Henry in December 2015, just four months after being forced to shutter her previous microgallery 55 Gansevoort—an elevator shaft a block east of the Whitney—after Restoration Hardware bought its building.</p><h2><a href='https://www.artsy.net/artist/ej-hill' class='is-follow-link' name='EJ_Hill'>EJ Hill</a><a data-id='ej-hill' class='entity-follow artist-follow'></a></h2><p><a href='https://www.artsy.net/artist/ej-hill' class='is-follow-link' name='EJ_Hill'>EJ Hill</a><a data-id='ej-hill' class='entity-follow artist-follow'></a></p><p>Rines is a part of a recent migration that has galleries gravitating to the Lower East Side and Chinatown. She opened 56 Henry in December 2015, just four months after being forced to shutter her previous microgallery 55 Gansevoort—an elevator shaft a block east of the Whitney—after Restoration Hardware bought its building.</p>",
      }
    }
  />
</div>
`;

exports[`Text Snapshots renders news text properly 1`] = `
.c0 {
  position: relative;
  width: 100%;
}

.c0 a {
  color: black;
  -webkit-text-decoration: none;
  text-decoration: none;
  background-image: linear-gradient( to bottom, transparent 0, #333333 1px, transparent 0 );
  background-size: 1.25px 4px;
  background-repeat: repeat-x;
  background-position: bottom;
}

.c0 a:hover {
  color: #999999;
  opacity: 1;
}

.c0 div[class*='ToolTip'] a {
  background-image: none;
  opacity: 1;
  color: inherit;
}

.c0 p,
.c0 ul,
.c0 ol,
.c0 .paragraph,
.c0 div[data-block=true] .public-DraftStyleDefault-block {
  font-family: 'Adobe Garamond W08','adobe-garamond-pro','AGaramondPro-Regular','Times New Roman',Times,serif;
  font-size: 23px;
  line-height: 1.5em;
  -webkit-font-smoothing: antialiased;
  padding-top: 1em;
  padding-bottom: 1em;
  margin: 0;
  font-style: inherit;
}

.c0 p:first-child,
.c0 .paragraph:first-child,
.c0 div[data-block=true]:first-child .public-DraftStyleDefault-block {
  padding-top: 0;
}

.c0 p:last-child,
.c0 .paragraph:last-child,
.c0 div[data-block=true]:last-child .public-DraftStyleDefault-block {
  padding-bottom: 0;
}

.c0 ul,
.c0 ol {
  padding-left: 1em;
}

.c0 li {
  font-family: 'Adobe Garamond W08','adobe-garamond-pro','AGaramondPro-Regular','Times New Roman',Times,serif;
  font-size: 23px;
  line-height: 1.5em;
  -webkit-font-smoothing: antialiased;
  padding-top: .5em;
  padding-bottom: .5em;
}

.c0 h1 {
  font-family: Unica77LLWebRegular,Arial,serif;
  -webkit-font-smoothing: antialiased;
  font-size: 40px;
  line-height: 1.1em;
  font-weight: normal;
  padding-top: 107px;
  padding-bottom: 46px;
  margin: 0;
  position: relative;
  text-align: center;
}

.c0 h1:before {
  content: "";
  width: 15px;
  height: 15px;
  background: black;
  border-radius: 50%;
  position: absolute;
  top: 69px;
  right: calc(50% - 7.5px);
}

.c0 h2 {
  font-family: Unica77LLWebRegular,Arial,serif;
  -webkit-font-smoothing: antialiased;
  font-size: 32px;
  line-height: 1.1em;
  font-weight: normal;
  margin: 0;
}

.c0 h2 a {
  background-size: 1.25px 1px;
}

.c0 h2 .file__PrimaryLink-yu39to-0 {
  background-position: bottom !important;
}

.c0 h3 {
  font-family: Unica77LLWebRegular,Arial,serif;
  -webkit-font-smoothing: antialiased;
  font-size: 19px;
  line-height: 1.5em;
  font-weight: normal;
  padding-top: 23px;
  margin: 0;
}

.c0 h3 strong {
  font-weight: normal;
  font-family: Unica77LLWebMedium,Arial,serif;
  -webkit-font-smoothing: antialiased;
  font-size: 19px;
  line-height: 1.5em;
}

.c0 h3 a {
  background-size: 1.25px 1px;
}

.c0 blockquote {
  font-family: Unica77LLWebMedium,Arial,serif;
  -webkit-font-smoothing: antialiased;
  font-size: 19px;
  line-height: 1.5em;
  text-align: left;
  font-weight: normal;
  padding-top: 46px;
  padding-bottom: 46px;
  margin: 0;
  word-break: break-word;
  padding-top: 10px;
  padding-bottom: 10px;
  max-width: 560px;
  margin: auto;
}

.c0 blockquote a {
  background-size: 1.25px 1px;
}

.c0 .content-end {
  display: inline-block;
  content: "";
  width: 12px;
  height: 12px;
  background: black;
  border-radius: 50%;
  margin-left: 12px;
}

.c0 .artist-follow {
  vertical-align: middle;
  margin-left: 10px;
  cursor: pointer;
  background: none transparent;
}

.c0 .artist-follow:before {
  font-family: "artsy-icons";
  content: "";
  vertical-align: -8.5px;
  line-height: 32px;
  font-size: 32px;
}

.c0 .artist-follow:after {
  content: "Follow";
  font-family: 'Adobe Garamond W08','adobe-garamond-pro','AGaramondPro-Regular','Times New Roman',Times,serif;
  font-size: 17px;
  line-height: 1.1em;
  -webkit-font-smoothing: antialiased;
  text-transform: none;
}

@media (max-width:600px) {
  .c0 p,
  .c0 ul,
  .c0 ol,
  .c0 div[data-block=true] .public-DraftStyleDefault-block {
    font-family: 'Adobe Garamond W08','adobe-garamond-pro','AGaramondPro-Regular','Times New Roman',Times,serif;
    font-size: 19px;
    line-height: 1.5em;
    -webkit-font-smoothing: antialiased;
  }

  .c0 li {
    font-family: 'Adobe Garamond W08','adobe-garamond-pro','AGaramondPro-Regular','Times New Roman',Times,serif;
    font-size: 19px;
    line-height: 1.5em;
    -webkit-font-smoothing: antialiased;
  }

  .c0 h1 {
    font-family: Unica77LLWebRegular,Arial,serif;
    -webkit-font-smoothing: antialiased;
    font-size: 34px;
    line-height: 1.1em;
  }

  .c0 h2 {
    font-family: Unica77LLWebRegular,Arial,serif;
    -webkit-font-smoothing: antialiased;
    font-size: 32px;
    line-height: 1.1em;
  }

  .c0 h3 {
    font-family: Unica77LLWebRegular,Arial,serif;
    -webkit-font-smoothing: antialiased;
    font-size: 16px;
    line-height: 1.1em;
    line-height: 1.5em;
  }

  .c0 h3 strong {
    font-family: Unica77LLWebMedium,Arial,serif;
    -webkit-font-smoothing: antialiased;
    font-size: 16px;
    line-height: 1.1em;
  }

  .c0 blockquote {
    font-family: Unica77LLWebMedium,Arial,serif;
    -webkit-font-smoothing: antialiased;
    font-size: 16px;
    line-height: 1.1em;
    margin: 0 10px;
  }

  .c0 .content-start {
    font-size: 55px;
  }
}

<div
  className="article__text-section c0"
  color="black"
>
  <div
    dangerouslySetInnerHTML={
      Object {
        "__html": "<p><strong>The design for the as-yet-uncompleted sculpture</strong>, <span style='text-decoration:line-through;'><em>Bouquet of Tulips</em></span>, was donated by Koons to the French capital in November 2016 as a memorial to the recent terrorist attacks that have taken place in the city. But Koons, <a href='#'>one of the world’s richest living artists</a>, didn’t donate the $4.3 million needed to create 40-foot-tall sculpture, which was raised separately via donations. And the work, slated for installation in front of the Palais de Tokyo and Paris’s Museum of Modern Art, has attracted opposition. In a letter published in the French newspaper Libération on Sunday, signatories—including Frédéric Mitterrand, the country’s former culture minister—demanded that the city halt its plans to install the sculpture, calling it “shocking.” </p><blockquote>It is understood the [British Museum] has been in talks about a possible loan of the tapestry for several years, but there will be other contenders to host it.</blockquote><blockquote>The bookmaker Ladbrokes is offering odds on where it might go, with the British Museum evens favourite, followed by Westminster Cathedral at 3/1, Canterbury Cathedral at 5/1 and Hastings at 8/1.</blockquote><blockquote><a href='#'>The Guardian</a></blockquote><p>It further criticized Koons for using the opportunity as a publicity stunt, as the sculpture’s planned location is in a tourist-heavy area far from where the 2015 terrorist attacks actually took place. “We appreciate gifts, [but ones that are] free, unconditional, and without ulterior motives,” the letter said. In any case, Parisian officials have not yet granted authorization to install the sculpture, according to the <em>New York Times</em>.</p><h3><strong>Takeaway</strong></h3><h3>Should Prince lose at trial and on appeal the resulting precedent would reign in the broader <em>fair use interpretations</em> now afforded to artists.</h3>",
      }
    }
  />
</div>
`;

exports[`Text Snapshots renders standard text properly 1`] = `
.c0 {
  position: relative;
  width: 100%;
}

.c0 a {
  color: black;
  -webkit-text-decoration: none;
  text-decoration: none;
  background-image: linear-gradient( to bottom, transparent 0, #333333 1px, transparent 0 );
  background-size: 1.25px 4px;
  background-repeat: repeat-x;
  background-position: bottom;
}

.c0 a:hover {
  color: #999999;
  opacity: 1;
}

.c0 div[class*='ToolTip'] a {
  background-image: none;
  opacity: 1;
  color: inherit;
}

.c0 p,
.c0 ul,
.c0 ol,
.c0 .paragraph,
.c0 div[data-block=true] .public-DraftStyleDefault-block {
  font-family: 'Adobe Garamond W08','adobe-garamond-pro','AGaramondPro-Regular','Times New Roman',Times,serif;
  font-size: 23px;
  line-height: 1.5em;
  -webkit-font-smoothing: antialiased;
  padding-top: 1em;
  padding-bottom: 1em;
  margin: 0;
  font-style: inherit;
}

.c0 p:first-child,
.c0 .paragraph:first-child,
.c0 div[data-block=true]:first-child .public-DraftStyleDefault-block {
  padding-top: 0;
}

.c0 p:last-child,
.c0 .paragraph:last-child,
.c0 div[data-block=true]:last-child .public-DraftStyleDefault-block {
  padding-bottom: 0;
}

.c0 ul,
.c0 ol {
  padding-left: 1em;
}

.c0 li {
  font-family: 'Adobe Garamond W08','adobe-garamond-pro','AGaramondPro-Regular','Times New Roman',Times,serif;
  font-size: 23px;
  line-height: 1.5em;
  -webkit-font-smoothing: antialiased;
  padding-top: .5em;
  padding-bottom: .5em;
}

.c0 h1 {
  font-family: Unica77LLWebRegular,Arial,serif;
  -webkit-font-smoothing: antialiased;
  font-size: 40px;
  line-height: 1.1em;
  font-weight: normal;
  padding-top: 107px;
  padding-bottom: 46px;
  margin: 0;
  position: relative;
  text-align: center;
}

.c0 h1:before {
  content: "";
  width: 15px;
  height: 15px;
  background: black;
  border-radius: 50%;
  position: absolute;
  top: 69px;
  right: calc(50% - 7.5px);
}

.c0 h2 {
  font-family: Unica77LLWebRegular,Arial,serif;
  -webkit-font-smoothing: antialiased;
  font-size: 32px;
  line-height: 1.1em;
  font-weight: normal;
  margin: 0;
}

.c0 h2 a {
  background-size: 1.25px 1px;
}

.c0 h2 .file__PrimaryLink-yu39to-0 {
  background-position: bottom !important;
}

.c0 h3 {
  font-family: Unica77LLWebRegular,Arial,serif;
  -webkit-font-smoothing: antialiased;
  font-size: 19px;
  line-height: 1.5em;
  font-weight: normal;
  padding-top: 23px;
  margin: 0;
}

.c0 h3 strong {
  font-weight: normal;
  font-family: Unica77LLWebMedium,Arial,serif;
  -webkit-font-smoothing: antialiased;
  font-size: 19px;
  line-height: 1.5em;
}

.c0 h3 a {
  background-size: 1.25px 1px;
}

.c0 blockquote {
  font-family: 'Adobe Garamond W08','adobe-garamond-pro','AGaramondPro-Regular','Times New Roman',Times,serif;
  font-size: 40px;
  line-height: 1.1em;
  -webkit-font-smoothing: antialiased;
  text-align: left;
  font-weight: normal;
  padding-top: 46px;
  padding-bottom: 46px;
  margin: 0;
  word-break: break-word;
}

.c0 .content-end {
  display: inline-block;
  content: "";
  width: 12px;
  height: 12px;
  background: black;
  border-radius: 50%;
  margin-left: 12px;
}

.c0 .artist-follow {
  vertical-align: middle;
  margin-left: 10px;
  cursor: pointer;
  background: none transparent;
}

.c0 .artist-follow:before {
  font-family: "artsy-icons";
  content: "";
  vertical-align: -8.5px;
  line-height: 32px;
  font-size: 32px;
}

.c0 .artist-follow:after {
  content: "Follow";
  font-family: 'Adobe Garamond W08','adobe-garamond-pro','AGaramondPro-Regular','Times New Roman',Times,serif;
  font-size: 17px;
  line-height: 1.1em;
  -webkit-font-smoothing: antialiased;
  text-transform: none;
}

@media (max-width:600px) {
  .c0 p,
  .c0 ul,
  .c0 ol,
  .c0 div[data-block=true] .public-DraftStyleDefault-block {
    font-family: 'Adobe Garamond W08','adobe-garamond-pro','AGaramondPro-Regular','Times New Roman',Times,serif;
    font-size: 19px;
    line-height: 1.5em;
    -webkit-font-smoothing: antialiased;
  }

  .c0 li {
    font-family: 'Adobe Garamond W08','adobe-garamond-pro','AGaramondPro-Regular','Times New Roman',Times,serif;
    font-size: 19px;
    line-height: 1.5em;
    -webkit-font-smoothing: antialiased;
  }

  .c0 h1 {
    font-family: Unica77LLWebRegular,Arial,serif;
    -webkit-font-smoothing: antialiased;
    font-size: 34px;
    line-height: 1.1em;
  }

  .c0 h2 {
    font-family: Unica77LLWebRegular,Arial,serif;
    -webkit-font-smoothing: antialiased;
    font-size: 32px;
    line-height: 1.1em;
  }

  .c0 h3 {
    font-family: Unica77LLWebRegular,Arial,serif;
    -webkit-font-smoothing: antialiased;
    font-size: 16px;
    line-height: 1.1em;
    line-height: 1.5em;
  }

  .c0 h3 strong {
    font-family: Unica77LLWebMedium,Arial,serif;
    -webkit-font-smoothing: antialiased;
    font-size: 16px;
    line-height: 1.1em;
  }

  .c0 blockquote {
    font-family: 'Adobe Garamond W08','adobe-garamond-pro','AGaramondPro-Regular','Times New Roman',Times,serif;
    font-size: 34px;
    line-height: 1.1em;
    -webkit-font-smoothing: antialiased;
    margin: 0;
  }

  .c0 .content-start {
    font-size: 55px;
  }
}

<div
  className="article__text-section c0"
  color="black"
>
  <div
    dangerouslySetInnerHTML={
      Object {
        "__html": "<p>Rines is a part of a recent migration that has galleries gravitating to the <a href='https://www.artsy.net/'>Lower East Side and Chinatown</a>. The new gallery sits on a stretch of Henry Street that also includes Chapter NY, Cuevas Tilleard, and newcomer Shrine, and is just blocks from:</p><ul><li>Chinatown stalwart Reena Spaulings Fine Art</li><li>The shiny new <span style='text-decoration: line-through;'>Foxy Production</span></li><li>Freshly launched programs like Erin Goldberger’s New Release</li><li>Angelo Lanza’s gallery Jeffrey Stark in the basement of the East Broadway Mall</li></ul><p>And <em>not a stone’s throw away</em> are the southern bounds of the Lower East Side, where <strong>hundreds</strong> of more galleries gather.</p><blockquote>Hardly a week goes by without murmurings that yet another gallery is opening</blockquote><h3><strong>Galleries Section, Booth 10221</strong></h3><h2>neugerriemschneider</h2><h3><em>With works by</em> Franz Ackermann, Ai Weiwei, Pawel Althamer, Billy Childish, Keith Edmier, Olafur Eliasson, Andreas Eriksson, Noa Eshkol, Mario García Torres, Renata Lucas, Michel Majerus, Mike Nelson, Jorge Pardo, Elizabeth Peyton, Tobias Rehberger, Thaddeus Strode, Rirkrit Tiravanija, Pae White</h3><p>The resultant work allows Salley the chance to recount her experiences of the aftermath of her scandal in her own words. In the film, Fujiwara and Salley are shown meeting professionals from public relations, advertising, and fashion companies as they seek to construct a new public image for her. Alongside the film, light boxes display fashion photographer Andreas Larsson’s pictures of Salley, which were taken as part of the project to rebuild her profile. While the show tackles public identity, female iconography, and Salley’s voice as an artist, the pair’s close working relationship—one in which the conventional power relationship has been overturned—no doubt aided their collaboration.</p><ol><li>Chinatown stalwart Reena Spaulings Fine Art</li><li>The shiny new Foxy Production</li><li>Freshly launched programs like Erin Goldberger’s New Release</li><li>Angelo Lanza’s gallery Jeffrey Stark in the basement of the East Broadway Mall</li></ol><p>Rines is a part of a recent migration that has galleries gravitating to the Lower East Side and Chinatown. She opened 56 Henry in December 2015, just four months after being forced to shutter her previous microgallery 55 Gansevoort—an elevator shaft a block east of the Whitney—after Restoration Hardware bought its building.</p><h2><a href='https://www.artsy.net/artist/ej-hill' class='is-follow-link' name='EJ_Hill'>EJ Hill</a><a data-id='ej-hill' class='entity-follow artist-follow'></a></h2><p><a href='https://www.artsy.net/artist/ej-hill' class='is-follow-link' name='EJ_Hill'>EJ Hill</a><a data-id='ej-hill' class='entity-follow artist-follow'></a></p><p>Rines is a part of a recent migration that has galleries gravitating to the Lower East Side and Chinatown. She opened 56 Henry in December 2015, just four months after being forced to shutter her previous microgallery 55 Gansevoort—an elevator shaft a block east of the Whitney—after Restoration Hardware bought its building.</p>",
      }
    }
  />
</div>
`;
